ok http://127.0.0.1:8765	cwd=/Users/zephyr_turingsynergy/coding/personal/tju-ai4science/platform	runs=/Users/zephyr_turingsynergy/coding/personal/tju-ai4science/platform/runs	ui=/Users/zephyr_turingsynergy/coding/personal/tju-ai4science/platform/ui/web/dist
2026-09-17 23:14:54,608 ai4sci.serve http "GET /health HTTP/1.1" 200 -
2026-09-17 23:14:54,622 ai4sci.serve http "GET /health HTTP/1.1" 200 -
2026-09-17 23:17:12,610 ai4sci.serve http "GET / HTTP/1.1" 200 -
2026-09-17 23:17:12,658 ai4sci.serve http "GET /health HTTP/1.1" 200 -
2026-09-17 23:17:12,667 ai4sci.serve http "GET /workflows HTTP/1.1" 200 -
2026-09-17 23:17:12,668 ai4sci.serve http "GET /chats HTTP/1.1" 200 -
2026-09-17 23:17:12,669 ai4sci.serve http "GET /favicon.ico HTTP/1.1" 200 -
2026-09-17 23:17:12,674 ai4sci.serve http "GET /tasks HTTP/1.1" 200 -
2026-09-17 23:17:12,679 ai4sci.serve http "GET /chats/chat-20260917T025731Z-9b0d HTTP/1.1" 200 -
2026-09-17 23:17:12,687 ai4sci.serve http "GET /runs HTTP/1.1" 200 -
2026-09-17 23:17:12,702 ai4sci.serve http "GET /runs/mlp-quicklook-2 HTTP/1.1" 200 -
2026-09-17 23:25:13,427 ai4sci.serve http "GET / HTTP/1.1" 200 -
2026-09-17 23:25:13,440 ai4sci.serve http "GET /assets/index-D2vRLQ5a.css HTTP/1.1" 200 -
2026-09-17 23:25:13,440 ai4sci.serve http "GET /assets/index-C2of1N2O.js HTTP/1.1" 200 -
2026-09-17 23:25:13,489 ai4sci.serve http "GET /health HTTP/1.1" 200 -
2026-09-17 23:25:13,498 ai4sci.serve http "GET /chats HTTP/1.1" 200 -
2026-09-17 23:25:13,500 ai4sci.serve http "GET /workflows HTTP/1.1" 200 -
2026-09-17 23:25:13,501 ai4sci.serve http "GET /favicon.ico HTTP/1.1" 200 -
2026-09-17 23:25:13,506 ai4sci.serve http "GET /tasks HTTP/1.1" 200 -
2026-09-17 23:25:13,509 ai4sci.serve http "GET /chats/chat-20260917T025731Z-9b0d HTTP/1.1" 200 -
2026-09-17 23:25:13,518 ai4sci.serve http "GET /runs HTTP/1.1" 200 -
2026-09-17 23:25:13,532 ai4sci.serve http "GET /runs/mlp-quicklook-2 HTTP/1.1" 200 -
2026-09-17 23:39:08,427 ai4sci.serve http "GET / HTTP/1.1" 200 -
2026-09-17 23:39:08,438 ai4sci.serve http "GET /assets/index-D2vRLQ5a.css HTTP/1.1" 200 -
2026-09-17 23:39:08,438 ai4sci.serve http "GET /assets/index-C2of1N2O.js HTTP/1.1" 200 -
2026-09-17 23:39:08,486 ai4sci.serve http "GET /health HTTP/1.1" 200 -
2026-09-17 23:39:08,493 ai4sci.serve http "GET /favicon.ico HTTP/1.1" 200 -
2026-09-17 23:39:08,494 ai4sci.serve http "GET /chats HTTP/1.1" 200 -
2026-09-17 23:39:08,498 ai4sci.serve http "GET /workflows HTTP/1.1" 200 -
2026-09-17 23:39:08,499 ai4sci.serve http "GET /chats/chat-20260917T025731Z-9b0d HTTP/1.1" 200 -
2026-09-17 23:39:08,502 ai4sci.serve http "GET /tasks HTTP/1.1" 200 -
2026-09-17 23:39:08,512 ai4sci.serve http "GET /runs HTTP/1.1" 200 -
2026-09-17 23:39:08,517 ai4sci.serve http "GET /runs/mlp-quicklook-2 HTTP/1.1" 200 -
2026-09-17 23:39:44,670 ai4sci.chat chat_turn_start chat_id=chat-20260917T025731Z-9b0d turn=6 resume=03aec4dc-6ac9-4c2c-949f-3eec47ab7c47
2026-09-17 23:39:44,949 ai4sci.serve http "POST /chats/chat-20260917T025731Z-9b0d/messages HTTP/1.1" 200 -
2026-09-17 23:39:55,433 ai4sci.chat chat_turn_end chat_id=chat-20260917T025731Z-9b0d turn=6 kind=done cost_usd=0.0371908 session=03aec4dc-6ac9-4c2c-949f-3eec47ab7c47
2026-09-17 23:39:55,963 ai4sci.serve http "GET /chats/chat-20260917T025731Z-9b0d HTTP/1.1" 200 -
2026-09-17 23:39:55,967 ai4sci.serve http "GET /chats HTTP/1.1" 200 -
2026-09-17 23:39:55,980 ai4sci.serve http "GET /runs/mlp-quicklook-2 HTTP/1.1" 200 -
2026-09-17 23:39:55,988 ai4sci.serve http "GET /tasks HTTP/1.1" 200 -
2026-09-17 23:39:55,991 ai4sci.serve http "GET /runs HTTP/1.1" 200 -
2026-09-17 23:42:28,331 ai4sci.chat chat_new chat_id=chat-20260917T154228Z-2ac0 backend=claude_code cwd=/Users/zephyr_turingsynergy/coding/personal/tju-ai4science/platform
2026-09-17 23:42:28,333 ai4sci.serve http "POST /chats HTTP/1.1" 201 -
2026-09-17 23:42:28,349 ai4sci.serve http "GET /chats HTTP/1.1" 200 -
2026-09-17 23:42:28,359 ai4sci.serve http "GET /chats/chat-20260917T154228Z-2ac0 HTTP/1.1" 200 -
2026-09-17 23:42:39,515 ai4sci.chat chat_turn_start chat_id=chat-20260917T154228Z-2ac0 turn=1 resume=-
2026-09-17 23:42:39,756 ai4sci.serve http "POST /chats/chat-20260917T154228Z-2ac0/messages HTTP/1.1" 200 -
2026-09-17 23:42:55,048 ai4sci.chat chat_turn_end chat_id=chat-20260917T154228Z-2ac0 turn=1 kind=done cost_usd=0.30763149999999995 session=58ac0fe7-fbef-4204-b07e-f349911efea3
2026-09-17 23:42:55,048 ai4sci.serve http "GET /assets/ibm-plex-sans-greek-wght-normal-CmyJS8uq.woff2 HTTP/1.1" 200 -
2026-09-17 23:42:55,592 ai4sci.serve http "GET /chats/chat-20260917T154228Z-2ac0 HTTP/1.1" 200 -
2026-09-17 23:42:55,597 ai4sci.serve http "GET /chats HTTP/1.1" 200 -
2026-09-17 23:42:55,606 ai4sci.serve http "GET /assets/noto-serif-sc-114-wght-normal-rN6TP-iN.woff2 HTTP/1.1" 200 -
2026-09-17 23:42:55,607 ai4sci.serve http "GET /assets/noto-serif-sc-112-wght-normal-MAZT2qqq.woff2 HTTP/1.1" 200 -
2026-09-17 23:42:55,609 ai4sci.serve http "GET /runs/mlp-quicklook-2 HTTP/1.1" 200 -
2026-09-17 23:42:55,617 ai4sci.serve http "GET /tasks HTTP/1.1" 200 -
2026-09-17 23:42:55,621 ai4sci.serve http "GET /runs HTTP/1.1" 200 -
2026-09-17 23:43:24,854 ai4sci.chat chat_turn_start chat_id=chat-20260917T154228Z-2ac0 turn=2 resume=58ac0fe7-fbef-4204-b07e-f349911efea3
2026-09-17 23:43:25,099 ai4sci.serve http "POST /chats/chat-20260917T154228Z-2ac0/messages HTTP/1.1" 200 -
2026-09-17 23:43:30,190 ai4sci.chat chat_turn_end chat_id=chat-20260917T154228Z-2ac0 turn=2 kind=done cost_usd=0.0233375 session=58ac0fe7-fbef-4204-b07e-f349911efea3
2026-09-17 23:43:30,718 ai4sci.serve http "GET /chats/chat-20260917T154228Z-2ac0 HTTP/1.1" 200 -
2026-09-17 23:43:30,721 ai4sci.serve http "GET /chats HTTP/1.1" 200 -
2026-09-17 23:43:30,733 ai4sci.serve http "GET /runs/mlp-quicklook-2 HTTP/1.1" 200 -
2026-09-17 23:43:30,740 ai4sci.serve http "GET /tasks HTTP/1.1" 200 -
2026-09-17 23:43:30,744 ai4sci.serve http "GET /runs HTTP/1.1" 200 -
2026-09-17 23:50:48,089 ai4sci.chat chat_turn_start chat_id=chat-20260917T154228Z-2ac0 turn=3 resume=58ac0fe7-fbef-4204-b07e-f349911efea3
2026-09-17 23:50:48,339 ai4sci.serve http "POST /chats/chat-20260917T154228Z-2ac0/messages HTTP/1.1" 200 -
2026-09-17 23:50:58,664 ai4sci.chat chat_turn_end chat_id=chat-20260917T154228Z-2ac0 turn=3 kind=done cost_usd=0.043737 session=58ac0fe7-fbef-4204-b07e-f349911efea3
2026-09-17 23:50:59,187 ai4sci.serve http "GET /chats/chat-20260917T154228Z-2ac0 HTTP/1.1" 200 -
2026-09-17 23:50:59,189 ai4sci.serve http "GET /chats HTTP/1.1" 200 -
2026-09-17 23:50:59,202 ai4sci.serve http "GET /runs/mlp-quicklook-2 HTTP/1.1" 200 -
2026-09-17 23:50:59,211 ai4sci.serve http "GET /tasks HTTP/1.1" 200 -
2026-09-17 23:50:59,215 ai4sci.serve http "GET /runs HTTP/1.1" 200 -
2026-09-17 23:51:48,691 ai4sci.chat chat_turn_start chat_id=chat-20260917T154228Z-2ac0 turn=4 resume=58ac0fe7-fbef-4204-b07e-f349911efea3
2026-09-17 23:51:48,947 ai4sci.serve http "POST /chats/chat-20260917T154228Z-2ac0/messages HTTP/1.1" 200 -
2026-09-17 23:52:06,518 ai4sci.chat chat_turn_end chat_id=chat-20260917T154228Z-2ac0 turn=4 kind=done cost_usd=0.035817999999999996 session=58ac0fe7-fbef-4204-b07e-f349911efea3
2026-09-17 23:52:07,048 ai4sci.serve http "GET /chats/chat-20260917T154228Z-2ac0 HTTP/1.1" 200 -
2026-09-17 23:52:07,052 ai4sci.serve http "GET /chats HTTP/1.1" 200 -
2026-09-17 23:52:07,060 ai4sci.serve http "GET /runs/mlp-quicklook-2 HTTP/1.1" 200 -
2026-09-17 23:52:07,072 ai4sci.serve http "GET /tasks HTTP/1.1" 200 -
2026-09-17 23:52:07,075 ai4sci.serve http "GET /runs HTTP/1.1" 200 -
2026-09-17 23:52:32,947 ai4sci.serve http "GET /runs/mlp-quicklook-1 HTTP/1.1" 200 -
2026-09-17 23:52:35,001 ai4sci.serve http "GET /runs/mlp-quicklook-2 HTTP/1.1" 200 -
2026-09-17 23:53:22,404 ai4sci.chat chat_turn_start chat_id=chat-20260917T154228Z-2ac0 turn=5 resume=58ac0fe7-fbef-4204-b07e-f349911efea3
2026-09-17 23:53:22,671 ai4sci.serve http "POST /chats/chat-20260917T154228Z-2ac0/messages HTTP/1.1" 200 -
2026-09-17 23:53:32,953 ai4sci.chat chat_turn_end chat_id=chat-20260917T154228Z-2ac0 turn=5 kind=done cost_usd=0.030939 session=58ac0fe7-fbef-4204-b07e-f349911efea3
2026-09-17 23:53:33,479 ai4sci.serve http "GET /chats/chat-20260917T154228Z-2ac0 HTTP/1.1" 200 -
2026-09-17 23:53:33,482 ai4sci.serve http "GET /chats HTTP/1.1" 200 -
2026-09-17 23:53:33,493 ai4sci.serve http "GET /runs/mlp-quicklook-2 HTTP/1.1" 200 -
2026-09-17 23:53:33,501 ai4sci.serve http "GET /tasks HTTP/1.1" 200 -
2026-09-17 23:53:33,504 ai4sci.serve http "GET /runs HTTP/1.1" 200 -
2026-09-17 23:53:48,220 ai4sci.serve http "GET /stages HTTP/1.1" 200 -
2026-09-17 23:53:48,229 ai4sci.serve http "GET /workflows HTTP/1.1" 200 -
2026-09-17 23:53:48,229 ai4sci.serve http "GET /cap HTTP/1.1" 200 -
2026-09-17 23:54:03,310 ai4sci.serve http "GET /chats/chat-20260917T154228Z-2ac0 HTTP/1.1" 200 -
2026-09-17 23:54:03,321 ai4sci.serve http "GET /workflows HTTP/1.1" 200 -
2026-09-17 23:54:03,327 ai4sci.serve http "GET /tasks HTTP/1.1" 200 -
2026-09-17 23:54:03,331 ai4sci.serve http "GET /runs HTTP/1.1" 200 -
2026-09-17 23:54:03,334 ai4sci.serve http "GET /runs/mlp-quicklook-2 HTTP/1.1" 200 -
2026-09-17 23:55:06,695 ai4sci.chat chat_turn_start chat_id=chat-20260917T154228Z-2ac0 turn=6 resume=58ac0fe7-fbef-4204-b07e-f349911efea3
2026-09-17 23:55:06,953 ai4sci.serve http "POST /chats/chat-20260917T154228Z-2ac0/messages HTTP/1.1" 200 -
2026-09-17 23:55:19,472 ai4sci.chat chat_turn_end chat_id=chat-20260917T154228Z-2ac0 turn=6 kind=done cost_usd=0.035046999999999995 session=58ac0fe7-fbef-4204-b07e-f349911efea3
2026-09-17 23:55:20,001 ai4sci.serve http "GET /chats/chat-20260917T154228Z-2ac0 HTTP/1.1" 200 -
2026-09-17 23:55:20,005 ai4sci.serve http "GET /chats HTTP/1.1" 200 -
2026-09-17 23:55:20,017 ai4sci.serve http "GET /runs/mlp-quicklook-2 HTTP/1.1" 200 -
2026-09-17 23:55:20,022 ai4sci.serve http "GET /tasks HTTP/1.1" 200 -
2026-09-17 23:55:20,033 ai4sci.serve http "GET /runs HTTP/1.1" 200 -
2026-09-17 23:56:27,686 ai4sci.chat chat_turn_start chat_id=chat-20260917T154228Z-2ac0 turn=7 resume=58ac0fe7-fbef-4204-b07e-f349911efea3
2026-09-17 23:56:27,954 ai4sci.serve http "POST /chats/chat-20260917T154228Z-2ac0/messages HTTP/1.1" 200 -
2026-09-17 23:56:46,956 ai4sci.chat chat_turn_end chat_id=chat-20260917T154228Z-2ac0 turn=7 kind=done cost_usd=0.045185 session=58ac0fe7-fbef-4204-b07e-f349911efea3
2026-09-17 23:56:47,481 ai4sci.serve http "GET /chats/chat-20260917T154228Z-2ac0 HTTP/1.1" 200 -
2026-09-17 23:56:47,485 ai4sci.serve http "GET /chats HTTP/1.1" 200 -
2026-09-17 23:56:47,497 ai4sci.serve http "GET /runs/mlp-quicklook-2 HTTP/1.1" 200 -
2026-09-17 23:56:47,504 ai4sci.serve http "GET /tasks HTTP/1.1" 200 -
2026-09-17 23:56:47,511 ai4sci.serve http "GET /runs HTTP/1.1" 200 -
